2026-04-05 19:11:49,112 INFO Loading /data/cicids_zeek/ml_dataset_temporal.parquet
2026-04-05 19:11:50,062 INFO Loaded 30,810,176 rows
2026-04-05 19:11:50,063 INFO Temporal features detected: ['conn_rate', 'unique_dst_ports', 'mean_duration', 'std_duration', 'bytes_per_sec']
2026-04-05 19:12:13,751 INFO Classes: ['BENIGN', 'Bot', 'DDOS-HOIC', 'DoS-GoldenEye', 'DoS-Hulk', 'DoS-SlowHTTPTest', 'DoS-Slowloris', 'FTP-BruteForce', 'SSH-Bruteforce']
2026-04-05 19:12:13,837 INFO   BENIGN                         27,459,938 (89.13%)
2026-04-05 19:12:13,837 INFO   Bot                                48,007 (0.16%)
2026-04-05 19:12:13,837 INFO   DDOS-HOIC                       1,074,408 (3.49%)
2026-04-05 19:12:13,837 INFO   DoS-GoldenEye                      28,661 (0.09%)
2026-04-05 19:12:13,837 INFO   DoS-Hulk                        1,803,685 (5.85%)
2026-04-05 19:12:13,837 INFO   DoS-SlowHTTPTest                  105,550 (0.34%)
2026-04-05 19:12:13,837 INFO   DoS-Slowloris                       6,979 (0.02%)
2026-04-05 19:12:13,837 INFO   FTP-BruteForce                    190,300 (0.62%)
2026-04-05 19:12:13,837 INFO   SSH-Bruteforce                     92,648 (0.30%)
2026-04-05 19:12:26,516 INFO Train: 24,648,140  Test: 6,162,036
2026-04-05 19:12:26,543 INFO Training LightGBM (n_estimators=500, num_leaves=63)...
Training until validation scores don't improve for 30 rounds
[50]	valid_0's multi_logloss: 0.0108598
Early stopping, best iteration is:
[67]	valid_0's multi_logloss: 0.0103179
2026-04-05 19:16:56,697 INFO Done in 270.2s  (best iteration: 67)
/home/dan/.local/lib/python3.12/site-packages/sklearn/utils/validation.py:2691: UserWarning: X does not have valid feature names, but LGBMClassifier was fitted with feature names
  warnings.warn(
2026-04-05 19:17:15,286 INFO 
                  precision    recall  f1-score   support

          BENIGN     1.0000    0.9977    0.9988   5491988
             Bot     0.4640    0.9984    0.6336      9601
       DDOS-HOIC     0.9957    1.0000    0.9978    214882
   DoS-GoldenEye     0.9998    1.0000    0.9999      5732
        DoS-Hulk     1.0000    1.0000    1.0000    360737
DoS-SlowHTTPTest     0.8894    0.9945    0.9390     21110
   DoS-Slowloris     0.9993    1.0000    0.9996      1396
  FTP-BruteForce     0.9803    0.9314    0.9552     38060
  SSH-Bruteforce     0.9889    0.9997    0.9943     18530

        accuracy                         0.9975   6162036
       macro avg     0.9242    0.9913    0.9465   6162036
    weighted avg     0.9985    0.9975    0.9978   6162036

2026-04-05 19:17:16,644 INFO Weighted F1: 0.997808  Macro F1: 0.946480
2026-04-05 19:17:17,972 INFO Metrics → /data/cicids_zeek/models/temporal/metrics_lgbm.json
2026-04-05 19:17:17,982 INFO Model   → /data/cicids_zeek/models/temporal/lgbm_baseline.txt
2026-04-05 19:17:17,982 INFO Encoder → /data/cicids_zeek/models/temporal/label_encoder_lgbm.joblib
2026-04-05 19:17:18,809 INFO Confusion matrix → /data/cicids_zeek/models/temporal/confusion_matrix_lgbm.png
2026-04-05 19:17:18,946 INFO Feature importance → /data/cicids_zeek/models/temporal/feature_importance_lgbm.png
2026-04-05 19:17:18,946 INFO === LightGBM done ===
